=== Processing Log for 1901_au Corpus ===
Started at: 2025-06-12 21:04:54

Loaded 113 documents from 1901_au
Adding batch with 100 valid entries
Added batch to vector store. Total: 100 (Skipped: 0)
Adding batch with 100 valid entries
Added batch to vector store. Total: 200 (Skipped: 0)
Adding batch with 100 valid entries
Added batch to vector store. Total: 300 (Skipped: 0)
Adding batch with 100 valid entries
Added batch to vector store. Total: 400 (Skipped: 0)
Adding batch with 100 valid entries
Added batch to vector store. Total: 500 (Skipped: 0)
Adding batch with 100 valid entries
Added batch to vector store. Total: 600 (Skipped: 0)
Adding batch with 100 valid entries
Added batch to vector store. Total: 700 (Skipped: 0)
Adding batch with 100 valid entries
Added batch to vector store. Total: 800 (Skipped: 0)
Adding batch with 100 valid entries
Added batch to vector store. Total: 900 (Skipped: 0)
Adding batch with 100 valid entries
Added batch to vector store. Total: 1000 (Skipped: 0)
Adding batch with 100 valid entries
Added batch to vector store. Total: 1100 (Skipped: 0)
Adding batch with 100 valid entries
Added batch to vector store. Total: 1200 (Skipped: 0)
Adding batch with 100 valid entries
Added batch to vector store. Total: 1300 (Skipped: 0)
Adding batch with 100 valid entries
Added batch to vector store. Total: 1400 (Skipped: 0)
Adding batch with 100 valid entries
Added batch to vector store. Total: 1500 (Skipped: 0)
Adding batch with 100 valid entries
Added batch to vector store. Total: 1600 (Skipped: 0)
Adding batch with 100 valid entries
Added batch to vector store. Total: 1700 (Skipped: 0)
Adding batch with 100 valid entries
Added batch to vector store. Total: 1800 (Skipped: 0)
Adding batch with 100 valid entries
Added batch to vector store. Total: 1900 (Skipped: 0)
Adding batch with 100 valid entries
Added batch to vector store. Total: 2000 (Skipped: 0)
Adding batch with 100 valid entries
Added batch to vector store. Total: 2100 (Skipped: 0)
Adding batch with 100 valid entries
Added batch to vector store. Total: 2200 (Skipped: 0)
Adding batch with 100 valid entries
Added batch to vector store. Total: 2300 (Skipped: 0)
Adding batch with 100 valid entries
Added batch to vector store. Total: 2400 (Skipped: 0)
Adding batch with 100 valid entries
Added batch to vector store. Total: 2500 (Skipped: 0)
Adding batch with 100 valid entries
Added batch to vector store. Total: 2600 (Skipped: 0)
Adding batch with 100 valid entries
Added batch to vector store. Total: 2700 (Skipped: 0)
Adding batch with 100 valid entries
Added batch to vector store. Total: 2800 (Skipped: 0)
Adding batch with 100 valid entries
Added batch to vector store. Total: 2900 (Skipped: 0)
Adding batch with 100 valid entries
Added batch to vector store. Total: 3000 (Skipped: 0)
Adding batch with 100 valid entries
Added batch to vector store. Total: 3100 (Skipped: 0)
Adding batch with 100 valid entries
Added batch to vector store. Total: 3200 (Skipped: 0)
Adding batch with 100 valid entries
Added batch to vector store. Total: 3300 (Skipped: 0)
Adding batch with 100 valid entries
Added batch to vector store. Total: 3400 (Skipped: 0)
Adding batch with 100 valid entries
Added batch to vector store. Total: 3500 (Skipped: 0)
Adding batch with 100 valid entries
Added batch to vector store. Total: 3600 (Skipped: 0)
Adding batch with 100 valid entries
Added batch to vector store. Total: 3700 (Skipped: 0)
Adding batch with 100 valid entries
Added batch to vector store. Total: 3800 (Skipped: 0)
Adding batch with 100 valid entries
Added batch to vector store. Total: 3900 (Skipped: 0)
Adding batch with 100 valid entries
Added batch to vector store. Total: 4000 (Skipped: 0)
Adding batch with 100 valid entries
Added batch to vector store. Total: 4100 (Skipped: 0)
Adding batch with 100 valid entries
Added batch to vector store. Total: 4200 (Skipped: 0)
Adding batch with 100 valid entries
Added batch to vector store. Total: 4300 (Skipped: 0)
Adding batch with 100 valid entries
Added batch to vector store. Total: 4400 (Skipped: 0)
Adding batch with 100 valid entries
Added batch to vector store. Total: 4500 (Skipped: 0)
Adding batch with 100 valid entries
Added batch to vector store. Total: 4600 (Skipped: 0)
Adding batch with 100 valid entries
Added batch to vector store. Total: 4700 (Skipped: 0)
Adding batch with 100 valid entries
Added batch to vector store. Total: 4800 (Skipped: 0)
Adding batch with 100 valid entries
Added batch to vector store. Total: 4900 (Skipped: 0)
Adding batch with 100 valid entries
Added batch to vector store. Total: 5000 (Skipped: 0)
Adding batch with 100 valid entries
Added batch to vector store. Total: 5100 (Skipped: 0)
Adding batch with 100 valid entries
Added batch to vector store. Total: 5200 (Skipped: 0)
Adding batch with 100 valid entries
Added batch to vector store. Total: 5300 (Skipped: 0)
Adding batch with 100 valid entries
Added batch to vector store. Total: 5400 (Skipped: 0)
Adding batch with 100 valid entries
Added batch to vector store. Total: 5500 (Skipped: 0)
Adding batch with 100 valid entries
Added batch to vector store. Total: 5600 (Skipped: 0)
Adding batch with 100 valid entries
Added batch to vector store. Total: 5700 (Skipped: 0)
Adding batch with 100 valid entries
Added batch to vector store. Total: 5800 (Skipped: 0)
Adding batch with 100 valid entries
Added batch to vector store. Total: 5900 (Skipped: 0)
Adding batch with 100 valid entries
Added batch to vector store. Total: 6000 (Skipped: 0)
Adding batch with 100 valid entries
Added batch to vector store. Total: 6100 (Skipped: 0)
Adding batch with 100 valid entries
Added batch to vector store. Total: 6200 (Skipped: 0)
Adding batch with 100 valid entries
Added batch to vector store. Total: 6300 (Skipped: 0)
Adding batch with 100 valid entries
Added batch to vector store. Total: 6400 (Skipped: 0)
Adding batch with 100 valid entries
Added batch to vector store. Total: 6500 (Skipped: 0)
Adding batch with 100 valid entries
Added batch to vector store. Total: 6600 (Skipped: 0)
Adding batch with 100 valid entries
Added batch to vector store. Total: 6700 (Skipped: 0)
Adding batch with 100 valid entries
Added batch to vector store. Total: 6800 (Skipped: 0)
Adding batch with 100 valid entries
Added batch to vector store. Total: 6900 (Skipped: 0)
Adding batch with 100 valid entries
Added batch to vector store. Total: 7000 (Skipped: 0)
Adding batch with 100 valid entries
Added batch to vector store. Total: 7100 (Skipped: 0)
Adding batch with 100 valid entries
Added batch to vector store. Total: 7200 (Skipped: 0)
Adding batch with 100 valid entries
Added batch to vector store. Total: 7300 (Skipped: 0)
Adding batch with 100 valid entries
Added batch to vector store. Total: 7400 (Skipped: 0)
Adding batch with 100 valid entries
Added batch to vector store. Total: 7500 (Skipped: 0)
Adding batch with 100 valid entries
Added batch to vector store. Total: 7600 (Skipped: 0)
Adding batch with 100 valid entries
Added batch to vector store. Total: 7700 (Skipped: 0)
Adding batch with 100 valid entries
Added batch to vector store. Total: 7800 (Skipped: 0)
Adding batch with 100 valid entries
Added batch to vector store. Total: 7900 (Skipped: 0)
Adding batch with 100 valid entries
Added batch to vector store. Total: 8000 (Skipped: 0)
Adding batch with 100 valid entries
Added batch to vector store. Total: 8100 (Skipped: 0)
Adding batch with 100 valid entries
Added batch to vector store. Total: 8200 (Skipped: 0)
Adding batch with 100 valid entries
Added batch to vector store. Total: 8300 (Skipped: 0)
Adding batch with 100 valid entries
Added batch to vector store. Total: 8400 (Skipped: 0)
Adding batch with 100 valid entries
Added batch to vector store. Total: 8500 (Skipped: 0)
Adding batch with 100 valid entries
Added batch to vector store. Total: 8600 (Skipped: 0)
Adding batch with 100 valid entries
Added batch to vector store. Total: 8700 (Skipped: 0)
Adding batch with 100 valid entries
Added batch to vector store. Total: 8800 (Skipped: 0)
Adding batch with 100 valid entries
Added batch to vector store. Total: 8900 (Skipped: 0)
Adding batch with 100 valid entries
Added batch to vector store. Total: 9000 (Skipped: 0)
Adding batch with 100 valid entries
Added batch to vector store. Total: 9100 (Skipped: 0)
Adding batch with 100 valid entries
Added batch to vector store. Total: 9200 (Skipped: 0)
Adding batch with 100 valid entries
Added batch to vector store. Total: 9300 (Skipped: 0)
Adding batch with 100 valid entries
Added batch to vector store. Total: 9400 (Skipped: 0)
Adding batch with 100 valid entries
Added batch to vector store. Total: 9500 (Skipped: 0)
Adding batch with 100 valid entries
Added batch to vector store. Total: 9600 (Skipped: 0)
Adding batch with 100 valid entries
Added batch to vector store. Total: 9700 (Skipped: 0)
Adding batch with 100 valid entries
Added batch to vector store. Total: 9800 (Skipped: 0)
Adding batch with 100 valid entries
Added batch to vector store. Total: 9900 (Skipped: 0)
Adding batch with 100 valid entries
Added batch to vector store. Total: 10000 (Skipped: 0)
Adding batch with 100 valid entries
Added batch to vector store. Total: 10100 (Skipped: 0)
Adding batch with 100 valid entries
Added batch to vector store. Total: 10200 (Skipped: 0)
Adding batch with 100 valid entries
Added batch to vector store. Total: 10300 (Skipped: 0)
Adding batch with 100 valid entries
Added batch to vector store. Total: 10400 (Skipped: 0)
Adding batch with 100 valid entries
Added batch to vector store. Total: 10500 (Skipped: 0)
Adding batch with 100 valid entries
Added batch to vector store. Total: 10600 (Skipped: 0)
Adding batch with 100 valid entries
Added batch to vector store. Total: 10700 (Skipped: 0)
Adding batch with 100 valid entries
Added batch to vector store. Total: 10800 (Skipped: 0)
Adding batch with 100 valid entries
Added batch to vector store. Total: 10900 (Skipped: 0)
Adding batch with 100 valid entries
Added batch to vector store. Total: 11000 (Skipped: 0)
Adding batch with 100 valid entries
Added batch to vector store. Total: 11100 (Skipped: 0)
Adding batch with 100 valid entries
Added batch to vector store. Total: 11200 (Skipped: 0)
Adding batch with 100 valid entries
Added batch to vector store. Total: 11300 (Skipped: 0)
Adding batch with 100 valid entries
Added batch to vector store. Total: 11400 (Skipped: 0)
Adding batch with 100 valid entries
Added batch to vector store. Total: 11500 (Skipped: 0)
Adding batch with 100 valid entries
Added batch to vector store. Total: 11600 (Skipped: 0)
Adding batch with 100 valid entries
Added batch to vector store. Total: 11700 (Skipped: 0)
Adding batch with 100 valid entries
Added batch to vector store. Total: 11800 (Skipped: 0)
Adding batch with 100 valid entries
Added batch to vector store. Total: 11900 (Skipped: 0)
Adding batch with 100 valid entries
Added batch to vector store. Total: 12000 (Skipped: 0)
Adding batch with 100 valid entries
Added batch to vector store. Total: 12100 (Skipped: 0)
Adding batch with 100 valid entries
Added batch to vector store. Total: 12200 (Skipped: 0)
Adding batch with 100 valid entries
Added batch to vector store. Total: 12300 (Skipped: 0)
Adding batch with 100 valid entries
Added batch to vector store. Total: 12400 (Skipped: 0)
Adding batch with 100 valid entries
Added batch to vector store. Total: 12500 (Skipped: 0)
Adding batch with 100 valid entries
Added batch to vector store. Total: 12600 (Skipped: 0)
Adding batch with 100 valid entries
Added batch to vector store. Total: 12700 (Skipped: 0)
Adding batch with 100 valid entries
Added batch to vector store. Total: 12800 (Skipped: 0)
Adding batch with 100 valid entries
Added batch to vector store. Total: 12900 (Skipped: 0)
Adding batch with 100 valid entries
Added batch to vector store. Total: 13000 (Skipped: 0)
Adding batch with 100 valid entries
Added batch to vector store. Total: 13100 (Skipped: 0)
Adding batch with 100 valid entries
Added batch to vector store. Total: 13200 (Skipped: 0)
Adding batch with 100 valid entries
Added batch to vector store. Total: 13300 (Skipped: 0)
Adding batch with 100 valid entries
Added batch to vector store. Total: 13400 (Skipped: 0)
Adding batch with 100 valid entries
Added batch to vector store. Total: 13500 (Skipped: 0)
Adding batch with 100 valid entries
Added batch to vector store. Total: 13600 (Skipped: 0)
Adding batch with 100 valid entries
Added batch to vector store. Total: 13700 (Skipped: 0)
Adding batch with 100 valid entries
Added batch to vector store. Total: 13800 (Skipped: 0)
Adding batch with 100 valid entries
Added batch to vector store. Total: 13900 (Skipped: 0)
Adding batch with 100 valid entries
Added batch to vector store. Total: 14000 (Skipped: 0)
Adding batch with 100 valid entries
Added batch to vector store. Total: 14100 (Skipped: 0)
Adding batch with 100 valid entries
Added batch to vector store. Total: 14200 (Skipped: 0)
Adding batch with 100 valid entries
Added batch to vector store. Total: 14300 (Skipped: 0)
Adding batch with 100 valid entries
Added batch to vector store. Total: 14400 (Skipped: 0)
Adding batch with 100 valid entries
Added batch to vector store. Total: 14500 (Skipped: 0)
Adding batch with 100 valid entries
Added batch to vector store. Total: 14600 (Skipped: 0)
Adding batch with 100 valid entries
Added batch to vector store. Total: 14700 (Skipped: 0)
Adding batch with 100 valid entries
Added batch to vector store. Total: 14800 (Skipped: 0)
Adding batch with 100 valid entries
Added batch to vector store. Total: 14900 (Skipped: 0)
Adding batch with 100 valid entries
Added batch to vector store. Total: 15000 (Skipped: 0)
Adding batch with 100 valid entries
Added batch to vector store. Total: 15100 (Skipped: 0)
Adding batch with 100 valid entries
Added batch to vector store. Total: 15200 (Skipped: 0)
Adding batch with 100 valid entries
Added batch to vector store. Total: 15300 (Skipped: 0)
Adding batch with 100 valid entries
Added batch to vector store. Total: 15400 (Skipped: 0)
Adding batch with 100 valid entries
Added batch to vector store. Total: 15500 (Skipped: 0)
Adding batch with 100 valid entries
Added batch to vector store. Total: 15600 (Skipped: 0)
Adding batch with 100 valid entries
Added batch to vector store. Total: 15700 (Skipped: 0)
Adding batch with 100 valid entries
Added batch to vector store. Total: 15800 (Skipped: 0)
Adding batch with 100 valid entries
Added batch to vector store. Total: 15900 (Skipped: 0)
Adding batch with 100 valid entries
Added batch to vector store. Total: 16000 (Skipped: 0)
Adding batch with 100 valid entries
Added batch to vector store. Total: 16100 (Skipped: 0)
Adding batch with 100 valid entries
Added batch to vector store. Total: 16200 (Skipped: 0)
Adding batch with 100 valid entries
Added batch to vector store. Total: 16300 (Skipped: 0)
Adding batch with 100 valid entries
Added batch to vector store. Total: 16400 (Skipped: 0)
Adding batch with 100 valid entries
Added batch to vector store. Total: 16500 (Skipped: 0)
Adding batch with 100 valid entries
Added batch to vector store. Total: 16600 (Skipped: 0)
Adding batch with 100 valid entries
Added batch to vector store. Total: 16700 (Skipped: 0)
Adding batch with 100 valid entries
Added batch to vector store. Total: 16800 (Skipped: 0)
Adding batch with 100 valid entries
Added batch to vector store. Total: 16900 (Skipped: 0)
Adding batch with 100 valid entries
Added batch to vector store. Total: 17000 (Skipped: 0)
Adding batch with 100 valid entries
Added batch to vector store. Total: 17100 (Skipped: 0)
Adding batch with 100 valid entries
Added batch to vector store. Total: 17200 (Skipped: 0)
Adding batch with 100 valid entries
Added batch to vector store. Total: 17300 (Skipped: 0)
Adding batch with 100 valid entries
Added batch to vector store. Total: 17400 (Skipped: 0)
Adding batch with 100 valid entries
Added batch to vector store. Total: 17500 (Skipped: 0)
Adding batch with 100 valid entries
Added batch to vector store. Total: 17600 (Skipped: 0)
Adding batch with 100 valid entries
Added batch to vector store. Total: 17700 (Skipped: 0)
Adding batch with 100 valid entries
Added batch to vector store. Total: 17800 (Skipped: 0)
Adding batch with 100 valid entries
Added batch to vector store. Total: 17900 (Skipped: 0)
Adding batch with 100 valid entries
Added batch to vector store. Total: 18000 (Skipped: 0)
Adding batch with 100 valid entries
Added batch to vector store. Total: 18100 (Skipped: 0)
Adding batch with 100 valid entries
Added batch to vector store. Total: 18200 (Skipped: 0)
Adding batch with 100 valid entries
Added batch to vector store. Total: 18300 (Skipped: 0)
Adding batch with 100 valid entries
Added batch to vector store. Total: 18400 (Skipped: 0)
Adding batch with 100 valid entries
Added batch to vector store. Total: 18500 (Skipped: 0)
Adding batch with 100 valid entries
Added batch to vector store. Total: 18600 (Skipped: 0)
Adding batch with 100 valid entries
Added batch to vector store. Total: 18700 (Skipped: 0)
Adding batch with 100 valid entries
Added batch to vector store. Total: 18800 (Skipped: 0)
Adding batch with 100 valid entries
Added batch to vector store. Total: 18900 (Skipped: 0)
Adding batch with 100 valid entries
Added batch to vector store. Total: 19000 (Skipped: 0)
Adding batch with 100 valid entries
Added batch to vector store. Total: 19100 (Skipped: 0)
Adding batch with 100 valid entries
Added batch to vector store. Total: 19200 (Skipped: 0)
Adding batch with 100 valid entries
Added batch to vector store. Total: 19300 (Skipped: 0)
Adding batch with 100 valid entries
Added batch to vector store. Total: 19400 (Skipped: 0)
Adding batch with 100 valid entries
Added batch to vector store. Total: 19500 (Skipped: 0)
Adding batch with 100 valid entries
Added batch to vector store. Total: 19600 (Skipped: 0)
Adding batch with 100 valid entries
Added batch to vector store. Total: 19700 (Skipped: 0)
Adding batch with 100 valid entries
Added batch to vector store. Total: 19800 (Skipped: 0)
Adding batch with 100 valid entries
Added batch to vector store. Total: 19900 (Skipped: 0)
Adding batch with 100 valid entries
Added batch to vector store. Total: 20000 (Skipped: 0)
Adding batch with 100 valid entries
Added batch to vector store. Total: 20100 (Skipped: 0)
Adding batch with 100 valid entries
Added batch to vector store. Total: 20200 (Skipped: 0)
Adding batch with 100 valid entries
Added batch to vector store. Total: 20300 (Skipped: 0)
Adding batch with 100 valid entries
Added batch to vector store. Total: 20400 (Skipped: 0)
Adding batch with 100 valid entries
Added batch to vector store. Total: 20500 (Skipped: 0)
Adding batch with 100 valid entries
Added batch to vector store. Total: 20600 (Skipped: 0)
Adding batch with 100 valid entries
Added batch to vector store. Total: 20700 (Skipped: 0)
Adding batch with 100 valid entries
Added batch to vector store. Total: 20800 (Skipped: 0)
Adding batch with 100 valid entries
Added batch to vector store. Total: 20900 (Skipped: 0)
Adding batch with 100 valid entries
Added batch to vector store. Total: 21000 (Skipped: 0)
Adding batch with 100 valid entries
Added batch to vector store. Total: 21100 (Skipped: 0)
Adding batch with 100 valid entries
Added batch to vector store. Total: 21200 (Skipped: 0)
Adding batch with 100 valid entries
Added batch to vector store. Total: 21300 (Skipped: 0)
Adding batch with 100 valid entries
Added batch to vector store. Total: 21400 (Skipped: 0)
Adding batch with 100 valid entries
Added batch to vector store. Total: 21500 (Skipped: 0)
Adding batch with 100 valid entries
Added batch to vector store. Total: 21600 (Skipped: 0)
Adding batch with 100 valid entries
Added batch to vector store. Total: 21700 (Skipped: 0)
Adding batch with 100 valid entries
Added batch to vector store. Total: 21800 (Skipped: 0)
Adding batch with 100 valid entries
Added batch to vector store. Total: 21900 (Skipped: 0)
Adding batch with 100 valid entries
Added batch to vector store. Total: 22000 (Skipped: 0)
Adding batch with 100 valid entries
Added batch to vector store. Total: 22100 (Skipped: 0)
Adding batch with 100 valid entries
Added batch to vector store. Total: 22200 (Skipped: 0)
Adding batch with 100 valid entries
Added batch to vector store. Total: 22300 (Skipped: 0)
Adding batch with 100 valid entries
Added batch to vector store. Total: 22400 (Skipped: 0)
Adding batch with 100 valid entries
Added batch to vector store. Total: 22500 (Skipped: 0)
Adding batch with 100 valid entries
Added batch to vector store. Total: 22600 (Skipped: 0)
Adding batch with 100 valid entries
Added batch to vector store. Total: 22700 (Skipped: 0)
Adding batch with 100 valid entries
Added batch to vector store. Total: 22800 (Skipped: 0)
Adding batch with 100 valid entries
Added batch to vector store. Total: 22900 (Skipped: 0)
Adding batch with 100 valid entries
Added batch to vector store. Total: 23000 (Skipped: 0)
Adding batch with 100 valid entries
Added batch to vector store. Total: 23100 (Skipped: 0)
Adding batch with 100 valid entries
Added batch to vector store. Total: 23200 (Skipped: 0)
Adding batch with 100 valid entries
Added batch to vector store. Total: 23300 (Skipped: 0)
Adding batch with 100 valid entries
Added batch to vector store. Total: 23400 (Skipped: 0)
Adding batch with 100 valid entries
Added batch to vector store. Total: 23500 (Skipped: 0)
Adding batch with 100 valid entries
Added batch to vector store. Total: 23600 (Skipped: 0)
Adding batch with 100 valid entries
Added batch to vector store. Total: 23700 (Skipped: 0)
Adding batch with 100 valid entries
Added batch to vector store. Total: 23800 (Skipped: 0)
Adding batch with 100 valid entries
Added batch to vector store. Total: 23900 (Skipped: 0)
Adding batch with 100 valid entries
Added batch to vector store. Total: 24000 (Skipped: 0)
Adding batch with 100 valid entries
Added batch to vector store. Total: 24100 (Skipped: 0)
Adding batch with 100 valid entries
Added batch to vector store. Total: 24200 (Skipped: 0)
Adding batch with 100 valid entries
Added batch to vector store. Total: 24300 (Skipped: 0)
Adding batch with 100 valid entries
Added batch to vector store. Total: 24400 (Skipped: 0)
Adding batch with 100 valid entries
Added batch to vector store. Total: 24500 (Skipped: 0)
Adding batch with 100 valid entries
Added batch to vector store. Total: 24600 (Skipped: 0)
Adding batch with 100 valid entries
Added batch to vector store. Total: 24700 (Skipped: 0)
Adding batch with 100 valid entries
Added batch to vector store. Total: 24800 (Skipped: 0)
Adding batch with 100 valid entries
Added batch to vector store. Total: 24900 (Skipped: 0)
Adding batch with 100 valid entries
Added batch to vector store. Total: 25000 (Skipped: 0)
Adding batch with 100 valid entries
Added batch to vector store. Total: 25100 (Skipped: 0)
Adding batch with 100 valid entries
Added batch to vector store. Total: 25200 (Skipped: 0)
Adding batch with 100 valid entries
Added batch to vector store. Total: 25300 (Skipped: 0)
Adding batch with 100 valid entries
Added batch to vector store. Total: 25400 (Skipped: 0)
Adding batch with 100 valid entries
Added batch to vector store. Total: 25500 (Skipped: 0)
Adding batch with 100 valid entries
Added batch to vector store. Total: 25600 (Skipped: 0)
Adding batch with 100 valid entries
Added batch to vector store. Total: 25700 (Skipped: 0)
Adding batch with 100 valid entries
Added batch to vector store. Total: 25800 (Skipped: 0)
Adding batch with 100 valid entries
Added batch to vector store. Total: 25900 (Skipped: 0)
Adding batch with 100 valid entries
Added batch to vector store. Total: 26000 (Skipped: 0)
Adding batch with 100 valid entries
Added batch to vector store. Total: 26100 (Skipped: 0)
Adding batch with 100 valid entries
Added batch to vector store. Total: 26200 (Skipped: 0)
Adding batch with 100 valid entries
Added batch to vector store. Total: 26300 (Skipped: 0)
Adding batch with 100 valid entries
Added batch to vector store. Total: 26400 (Skipped: 0)
Adding batch with 100 valid entries
Added batch to vector store. Total: 26500 (Skipped: 0)
Adding batch with 100 valid entries
Added batch to vector store. Total: 26600 (Skipped: 0)
Adding batch with 100 valid entries
Added batch to vector store. Total: 26700 (Skipped: 0)
Adding batch with 100 valid entries
Added batch to vector store. Total: 26800 (Skipped: 0)
Adding batch with 100 valid entries
Added batch to vector store. Total: 26900 (Skipped: 0)
Adding batch with 100 valid entries
Added batch to vector store. Total: 27000 (Skipped: 0)
Adding batch with 100 valid entries
Added batch to vector store. Total: 27100 (Skipped: 0)
Adding batch with 100 valid entries
Added batch to vector store. Total: 27200 (Skipped: 0)
Adding batch with 100 valid entries
Added batch to vector store. Total: 27300 (Skipped: 0)
Adding batch with 100 valid entries
Added batch to vector store. Total: 27400 (Skipped: 0)
Adding batch with 100 valid entries
Added batch to vector store. Total: 27500 (Skipped: 0)
Adding batch with 100 valid entries
Added batch to vector store. Total: 27600 (Skipped: 0)
Adding batch with 100 valid entries
Added batch to vector store. Total: 27700 (Skipped: 0)
Adding batch with 100 valid entries
Added batch to vector store. Total: 27800 (Skipped: 0)
Adding batch with 100 valid entries
Added batch to vector store. Total: 27900 (Skipped: 0)
Adding batch with 100 valid entries
Added batch to vector store. Total: 28000 (Skipped: 0)
Adding batch with 100 valid entries
Added batch to vector store. Total: 28100 (Skipped: 0)
Adding batch with 100 valid entries
Added batch to vector store. Total: 28200 (Skipped: 0)
Adding batch with 100 valid entries
Added batch to vector store. Total: 28300 (Skipped: 0)
Adding batch with 100 valid entries
Added batch to vector store. Total: 28400 (Skipped: 0)
Adding batch with 100 valid entries
Added batch to vector store. Total: 28500 (Skipped: 0)
Adding batch with 100 valid entries
Added batch to vector store. Total: 28600 (Skipped: 0)
Adding batch with 100 valid entries
Added batch to vector store. Total: 28700 (Skipped: 0)
Adding batch with 100 valid entries
Added batch to vector store. Total: 28800 (Skipped: 0)
Adding batch with 100 valid entries
Added batch to vector store. Total: 28900 (Skipped: 0)
Adding batch with 100 valid entries
Added batch to vector store. Total: 29000 (Skipped: 0)
Adding batch with 100 valid entries
Added batch to vector store. Total: 29100 (Skipped: 0)
Adding batch with 100 valid entries
Added batch to vector store. Total: 29200 (Skipped: 0)
Adding batch with 100 valid entries
Added batch to vector store. Total: 29300 (Skipped: 0)
Adding batch with 100 valid entries
Added batch to vector store. Total: 29400 (Skipped: 0)
Adding batch with 100 valid entries
Added batch to vector store. Total: 29500 (Skipped: 0)
Adding batch with 100 valid entries
Added batch to vector store. Total: 29600 (Skipped: 0)
Adding batch with 100 valid entries
Added batch to vector store. Total: 29700 (Skipped: 0)
Adding batch with 100 valid entries
Added batch to vector store. Total: 29800 (Skipped: 0)
Adding batch with 100 valid entries
Added batch to vector store. Total: 29900 (Skipped: 0)
Adding batch with 100 valid entries
Added batch to vector store. Total: 30000 (Skipped: 0)
Adding batch with 100 valid entries
Added batch to vector store. Total: 30100 (Skipped: 0)
Adding batch with 100 valid entries
Added batch to vector store. Total: 30200 (Skipped: 0)
Adding batch with 100 valid entries
Added batch to vector store. Total: 30300 (Skipped: 0)
Adding batch with 100 valid entries
Added batch to vector store. Total: 30400 (Skipped: 0)
Adding batch with 100 valid entries
Added batch to vector store. Total: 30500 (Skipped: 0)
Adding batch with 100 valid entries
Added batch to vector store. Total: 30600 (Skipped: 0)
Adding batch with 100 valid entries
Added batch to vector store. Total: 30700 (Skipped: 0)
Adding batch with 100 valid entries
Added batch to vector store. Total: 30800 (Skipped: 0)
Adding batch with 100 valid entries
Added batch to vector store. Total: 30900 (Skipped: 0)
Adding batch with 100 valid entries
Added batch to vector store. Total: 31000 (Skipped: 0)
Adding batch with 100 valid entries
Added batch to vector store. Total: 31100 (Skipped: 0)
Adding batch with 100 valid entries
Added batch to vector store. Total: 31200 (Skipped: 0)
Adding batch with 100 valid entries
Added batch to vector store. Total: 31300 (Skipped: 0)
Adding batch with 100 valid entries
Added batch to vector store. Total: 31400 (Skipped: 0)
Adding batch with 100 valid entries
Added batch to vector store. Total: 31500 (Skipped: 0)
Adding batch with 100 valid entries
Added batch to vector store. Total: 31600 (Skipped: 0)
Adding batch with 100 valid entries
Added batch to vector store. Total: 31700 (Skipped: 0)
Adding batch with 100 valid entries
Added batch to vector store. Total: 31800 (Skipped: 0)
Adding batch with 100 valid entries
Added batch to vector store. Total: 31900 (Skipped: 0)
Adding batch with 100 valid entries
Added batch to vector store. Total: 32000 (Skipped: 0)
Adding batch with 100 valid entries
Added batch to vector store. Total: 32100 (Skipped: 0)
Adding batch with 100 valid entries
Added batch to vector store. Total: 32200 (Skipped: 0)
Adding batch with 100 valid entries
Added batch to vector store. Total: 32300 (Skipped: 0)
Adding batch with 100 valid entries
Added batch to vector store. Total: 32400 (Skipped: 0)
Adding batch with 100 valid entries
Added batch to vector store. Total: 32500 (Skipped: 0)
Adding batch with 100 valid entries
Added batch to vector store. Total: 32600 (Skipped: 0)
Adding batch with 100 valid entries
Added batch to vector store. Total: 32700 (Skipped: 0)
Adding batch with 100 valid entries
Added batch to vector store. Total: 32800 (Skipped: 0)
Adding batch with 100 valid entries
Added batch to vector store. Total: 32900 (Skipped: 0)
Adding batch with 100 valid entries
Added batch to vector store. Total: 33000 (Skipped: 0)
Adding batch with 100 valid entries
Added batch to vector store. Total: 33100 (Skipped: 0)
Adding batch with 100 valid entries
Added batch to vector store. Total: 33200 (Skipped: 0)
Adding batch with 100 valid entries
Added batch to vector store. Total: 33300 (Skipped: 0)
Adding batch with 100 valid entries
Added batch to vector store. Total: 33400 (Skipped: 0)
Adding batch with 100 valid entries
Added batch to vector store. Total: 33500 (Skipped: 0)
Adding batch with 100 valid entries
Added batch to vector store. Total: 33600 (Skipped: 0)
Adding batch with 100 valid entries
Added batch to vector store. Total: 33700 (Skipped: 0)
Adding batch with 100 valid entries
Added batch to vector store. Total: 33800 (Skipped: 0)
Adding batch with 100 valid entries
Added batch to vector store. Total: 33900 (Skipped: 0)
Adding batch with 100 valid entries
Added batch to vector store. Total: 34000 (Skipped: 0)
Adding batch with 100 valid entries
Added batch to vector store. Total: 34100 (Skipped: 0)
Adding batch with 100 valid entries
Added batch to vector store. Total: 34200 (Skipped: 0)
Adding batch with 100 valid entries
Added batch to vector store. Total: 34300 (Skipped: 0)
Adding batch with 100 valid entries
Added batch to vector store. Total: 34400 (Skipped: 0)
Adding batch with 100 valid entries
Added batch to vector store. Total: 34500 (Skipped: 0)
Adding batch with 100 valid entries
Added batch to vector store. Total: 34600 (Skipped: 0)
Adding batch with 100 valid entries
Added batch to vector store. Total: 34700 (Skipped: 0)
Adding batch with 100 valid entries
Added batch to vector store. Total: 34800 (Skipped: 0)
Adding batch with 100 valid entries
Added batch to vector store. Total: 34900 (Skipped: 0)
Adding batch with 100 valid entries
Added batch to vector store. Total: 35000 (Skipped: 0)
Adding batch with 100 valid entries
Added batch to vector store. Total: 35100 (Skipped: 0)
Adding batch with 100 valid entries
Added batch to vector store. Total: 35200 (Skipped: 0)
Adding batch with 100 valid entries
Added batch to vector store. Total: 35300 (Skipped: 0)
Adding batch with 100 valid entries
Added batch to vector store. Total: 35400 (Skipped: 0)
Adding batch with 100 valid entries
Added batch to vector store. Total: 35500 (Skipped: 0)
Adding batch with 100 valid entries
Added batch to vector store. Total: 35600 (Skipped: 0)
Adding batch with 100 valid entries
Added batch to vector store. Total: 35700 (Skipped: 0)
Adding batch with 100 valid entries
Added batch to vector store. Total: 35800 (Skipped: 0)
Adding batch with 100 valid entries
Added batch to vector store. Total: 35900 (Skipped: 0)
Adding batch with 100 valid entries
Added batch to vector store. Total: 36000 (Skipped: 0)
Adding batch with 100 valid entries
Added batch to vector store. Total: 36100 (Skipped: 0)
Adding batch with 100 valid entries
Added batch to vector store. Total: 36200 (Skipped: 0)
Adding batch with 100 valid entries
Added batch to vector store. Total: 36300 (Skipped: 0)
Adding batch with 100 valid entries
Added batch to vector store. Total: 36400 (Skipped: 0)
Adding batch with 100 valid entries
Added batch to vector store. Total: 36500 (Skipped: 0)
Adding batch with 100 valid entries
Added batch to vector store. Total: 36600 (Skipped: 0)
Adding batch with 100 valid entries
Added batch to vector store. Total: 36700 (Skipped: 0)
Adding batch with 100 valid entries
Added batch to vector store. Total: 36800 (Skipped: 0)
Adding batch with 100 valid entries
Added batch to vector store. Total: 36900 (Skipped: 0)
Adding batch with 100 valid entries
Added batch to vector store. Total: 37000 (Skipped: 0)
Adding batch with 100 valid entries
Added batch to vector store. Total: 37100 (Skipped: 0)
Adding batch with 100 valid entries
Added batch to vector store. Total: 37200 (Skipped: 0)
Adding batch with 100 valid entries
Added batch to vector store. Total: 37300 (Skipped: 0)
Adding batch with 100 valid entries
Added batch to vector store. Total: 37400 (Skipped: 0)
Adding batch with 100 valid entries
Added batch to vector store. Total: 37500 (Skipped: 0)
Adding batch with 100 valid entries
Added batch to vector store. Total: 37600 (Skipped: 0)
Adding batch with 100 valid entries
Added batch to vector store. Total: 37700 (Skipped: 0)
Adding batch with 100 valid entries
Added batch to vector store. Total: 37800 (Skipped: 0)
Adding batch with 100 valid entries
Added batch to vector store. Total: 37900 (Skipped: 0)
Adding batch with 100 valid entries
Added batch to vector store. Total: 38000 (Skipped: 0)
Adding batch with 100 valid entries
Added batch to vector store. Total: 38100 (Skipped: 0)
Adding batch with 100 valid entries
Added batch to vector store. Total: 38200 (Skipped: 0)
Adding batch with 100 valid entries
Added batch to vector store. Total: 38300 (Skipped: 0)
Adding batch with 100 valid entries
Added batch to vector store. Total: 38400 (Skipped: 0)
Adding batch with 100 valid entries
Added batch to vector store. Total: 38500 (Skipped: 0)
Adding batch with 100 valid entries
Added batch to vector store. Total: 38600 (Skipped: 0)
Adding batch with 100 valid entries
Added batch to vector store. Total: 38700 (Skipped: 0)
Adding batch with 100 valid entries
Added batch to vector store. Total: 38800 (Skipped: 0)
Adding batch with 100 valid entries
Added batch to vector store. Total: 38900 (Skipped: 0)
Adding batch with 100 valid entries
Added batch to vector store. Total: 39000 (Skipped: 0)
Adding batch with 100 valid entries
Added batch to vector store. Total: 39100 (Skipped: 0)
Adding batch with 100 valid entries
Added batch to vector store. Total: 39200 (Skipped: 0)
Adding batch with 100 valid entries
Added batch to vector store. Total: 39300 (Skipped: 0)
Adding batch with 100 valid entries
Added batch to vector store. Total: 39400 (Skipped: 0)
Adding batch with 100 valid entries
Added batch to vector store. Total: 39500 (Skipped: 0)
Adding batch with 100 valid entries
Added batch to vector store. Total: 39600 (Skipped: 0)
Adding batch with 100 valid entries
Added batch to vector store. Total: 39700 (Skipped: 0)
Adding batch with 100 valid entries
Added batch to vector store. Total: 39800 (Skipped: 0)
Adding batch with 100 valid entries
Added batch to vector store. Total: 39900 (Skipped: 0)
Adding batch with 100 valid entries
Added batch to vector store. Total: 40000 (Skipped: 0)
Adding batch with 100 valid entries
Added batch to vector store. Total: 40100 (Skipped: 0)
Adding batch with 100 valid entries
Added batch to vector store. Total: 40200 (Skipped: 0)
Adding batch with 100 valid entries
Added batch to vector store. Total: 40300 (Skipped: 0)
Adding batch with 100 valid entries
Added batch to vector store. Total: 40400 (Skipped: 0)
Adding batch with 100 valid entries
Added batch to vector store. Total: 40500 (Skipped: 0)
Adding batch with 100 valid entries
Added batch to vector store. Total: 40600 (Skipped: 0)
Adding batch with 100 valid entries
Added batch to vector store. Total: 40700 (Skipped: 0)

Processing complete for corpus: 1901_au
Files processed: 113
Chunks processed: 40756
Successful batches: 407
Skipped chunks: 0
Characters processed: 27954688
Words processed: 4679284
Completed at: 2025-06-12 21:09:10
